// Jest Snapshot v1, https://goo.gl/fbAQLP

exports[`Kambi service finals events returns events correctly 1`] = `
Array [
  Object {
    "betOffers": Array [
      Object {
        "criterion": Object {
          "id": 5,
        },
        "main": true,
      },
      Object {
        "outcomes": Array [
          Object {
            "englishLabel": "Country1",
            "odds": 1000,
          },
          Object {
            "englishLabel": "Country2",
            "odds": 1000,
          },
        ],
        "to": 2,
      },
      Object {
        "criterion": Object {
          "id": 1,
        },
      },
      Object {
        "criterion": Object {
          "id": 2,
        },
      },
    ],
    "event": Object {
      "countriesEnglishNames": Array [
        "Country1",
        "Country2",
      ],
      "englishName": "Country1 - Country2",
      "id": 1,
      "start": 1528988400000,
      "state": "NOT_STARTED",
      "type": "ET_MATCH",
    },
  },
]
`;
