// Jest Snapshot v1, https://goo.gl/fbAQLP

exports[`BetOffers DOM rendering renders correctly with empty props 1`] = `
<div
  className="betofferContainer "
/>
`;

exports[`BetOffers DOM rendering renders correctly with example props 1`] = `
<div
  className="betofferContainer "
>
  <div
    className="event  main "
  >
    <span
      className="betofferLabel"
    >
      Some label 1
    </span>
    <div
      className="outcomes"
    >
      <div
        className="outcome"
      >
        <OutcomeButton
          betslipDefaultStake={null}
          betslipTrackingName={null}
          betslipUpdateMode={null}
          event={Object {}}
          label={true}
          onSelection={null}
          outcome={
            Object {
              "id": 1,
            }
          }
          outlineStyle={true}
          updateOdds={false}
        />
      </div>
      <div
        className="outcome"
      >
        <OutcomeButton
          betslipDefaultStake={null}
          betslipTrackingName={null}
          betslipUpdateMode={null}
          event={Object {}}
          label={true}
          onSelection={null}
          outcome={
            Object {
              "id": 2,
            }
          }
          outlineStyle={true}
          updateOdds={false}
        />
      </div>
      <div
        className="outcome"
      >
        <OutcomeButton
          betslipDefaultStake={null}
          betslipTrackingName={null}
          betslipUpdateMode={null}
          event={Object {}}
          label={true}
          onSelection={null}
          outcome={
            Object {
              "id": 3,
            }
          }
          outlineStyle={true}
          updateOdds={false}
        />
      </div>
    </div>
  </div>
  <div
    className="event  "
  >
    <span
      className="betofferLabel"
    >
      Some label 2
    </span>
    <div
      className="outcomes"
    >
      <div
        className="outcome"
      >
        <OutcomeButton
          betslipDefaultStake={null}
          betslipTrackingName={null}
          betslipUpdateMode={null}
          event={Object {}}
          label={true}
          onSelection={null}
          outcome={
            Object {
              "id": 4,
            }
          }
          outlineStyle={true}
          updateOdds={false}
        />
      </div>
      <div
        className="outcome"
      >
        <OutcomeButton
          betslipDefaultStake={null}
          betslipTrackingName={null}
          betslipUpdateMode={null}
          event={Object {}}
          label={true}
          onSelection={null}
          outcome={
            Object {
              "id": 5,
            }
          }
          outlineStyle={true}
          updateOdds={false}
        />
      </div>
      <div
        className="outcome"
      >
        <OutcomeButton
          betslipDefaultStake={null}
          betslipTrackingName={null}
          betslipUpdateMode={null}
          event={Object {}}
          label={true}
          onSelection={null}
          outcome={
            Object {
              "id": 6,
            }
          }
          outlineStyle={true}
          updateOdds={false}
        />
      </div>
    </div>
  </div>
  <div
    className="event  "
  >
    <span
      className="betofferLabel"
    >
      Some label 3
    </span>
    <div
      className="outcomes"
    >
      <div
        className="outcome"
      >
        <OutcomeButton
          betslipDefaultStake={null}
          betslipTrackingName={null}
          betslipUpdateMode={null}
          event={Object {}}
          label={true}
          onSelection={null}
          outcome={
            Object {
              "id": 7,
            }
          }
          outlineStyle={true}
          updateOdds={false}
        />
      </div>
      <div
        className="outcome"
      >
        <OutcomeButton
          betslipDefaultStake={null}
          betslipTrackingName={null}
          betslipUpdateMode={null}
          event={Object {}}
          label={true}
          onSelection={null}
          outcome={
            Object {
              "id": 8,
            }
          }
          outlineStyle={true}
          updateOdds={false}
        />
      </div>
      <div
        className="outcome"
      >
        <OutcomeButton
          betslipDefaultStake={null}
          betslipTrackingName={null}
          betslipUpdateMode={null}
          event={Object {}}
          label={true}
          onSelection={null}
          outcome={
            Object {
              "id": 9,
            }
          }
          outlineStyle={true}
          updateOdds={false}
        />
      </div>
    </div>
  </div>
</div>
`;
